HOME  .
QUERY 3rgk_mb.orig_init
TEMPL 3rgk_mb.orig_build.pdb
RESIDUE     1 A  G     1  _     1    1  G
RESIDUE     2 A  L     2  _     2    2  L
RESIDUE     3 A  S     3  _     3    3  S
RESIDUE     4 A  D     4  _     4    4  D
RESIDUE     5 A  G     5  _     5    5  G
RESIDUE     6 A  E     6  _     6    6  E
RESIDUE     7 A  W     7  _     7    7  W
RESIDUE     8 A  Q     8  _     8    8  Q
RESIDUE     9 A  L     9  _     9    9  L
RESIDUE    10 A  V    10  _    10   10  V
RESIDUE    11 A  L    11  _    11   11  L
RESIDUE    12 A  N    12  _    12   12  N
RESIDUE    13 A  V    13  _    13   13  V
RESIDUE    14 A  W    14  _    14   14  W
RESIDUE    15 A  G    15  _    15   15  G
RESIDUE    16 A  K    16  _    16   16  K
RESIDUE    17 A  V    17  _    17   17  V
RESIDUE    18 A  E    18  _    18   18  E
RESIDUE    19 A  A    19  _    19   19  A
RESIDUE    20 A  D    20  _    20   20  D
RESIDUE    21 A  I    21  _    21   21  I
RESIDUE    22 A  P    22  _    22   22  P
RESIDUE    23 A  G    23  _    23   23  G
RESIDUE    24 A  H    24  _    24   24  H
RESIDUE    25 A  G    25  _    25   25  G
RESIDUE    26 A  Q    26  _    26   26  Q
RESIDUE    27 A  E    27  _    27   27  E
RESIDUE    28 A  V    28  _    28   28  V
RESIDUE    29 A  L    29  _    29   29  L
RESIDUE    30 A  I    30  _    30   30  I
RESIDUE    31 A  R    31  _    31   31  R
RESIDUE    32 A  L    32  _    32   32  L
RESIDUE    33 A  F    33  _    33   33  F
RESIDUE    34 A  K    34  _    34   34  K
RESIDUE    35 A  G    35  _    35   35  G
RESIDUE    36 A  H    36  _    36   36  H
RESIDUE    37 A  P    37  _    37   37  P
RESIDUE    38 A  E    38  _    38   38  E
RESIDUE    39 A  T    39  _    39   39  T
RESIDUE    40 A  L    40  _    40   40  L
RESIDUE    41 A  E    41  _    41   41  E
RESIDUE    42 A  K    42  _    42   42  K
RESIDUE    43 A  F    43  _    43   43  F
RESIDUE    44 A  D    44  _    44   44  D
RESIDUE    45 A  R    45  _    45   45  R
RESIDUE    46 A  F    46  _    46   46  F
RESIDUE    47 A  K    47  _    47   47  K
RESIDUE    48 A  H    48  _    48   48  H
RESIDUE    49 A  L    49  _    49   49  L
RESIDUE    50 A  K    50  _    50   50  K
RESIDUE    51 A  S    51  _    51   51  S
RESIDUE    52 A  E    52  _    52   52  E
RESIDUE    53 A  D    53  _    53   53  D
RESIDUE    54 A  E    54  _    54   54  E
RESIDUE    55 A  M    55  _    55   55  M
RESIDUE    56 A  K    56  _    56   56  K
RESIDUE    57 A  A    57  _    57   57  A
RESIDUE    58 A  S    58  _    58   58  S
RESIDUE    59 A  E    59  _    59   59  E
RESIDUE    60 A  D    60  _    60   60  D
RESIDUE    61 A  L    61  _    61   61  L
RESIDUE    62 A  K    62  _    62   62  K
RESIDUE    63 A  K    63  _    63   63  K
RESIDUE    64 A  H    64  _    64   64  H
RESIDUE    65 A  G    65  _    65   65  G
RESIDUE    66 A  A    66  _    66   66  A
RESIDUE    67 A  T    67  _    67   67  T
RESIDUE    68 A  V    68  _    68   68  V
RESIDUE    69 A  L    69  _    69   69  L
RESIDUE    70 A  T    70  _    70   70  T
RESIDUE    71 A  A    71  _    71   71  A
RESIDUE    72 A  L    72  _    72   72  L
RESIDUE    73 A  G    73  _    73   73  G
RESIDUE    74 A  G    74  _    74   74  G
RESIDUE    75 A  I    75  _    75   75  I
RESIDUE    76 A  L    76  _    76   76  L
RESIDUE    77 A  K    77  _    77   77  K
RESIDUE    78 A  K    78  _    78   78  K
RESIDUE    79 A  K    79  _    79   79  K
RESIDUE    80 A  G    80  _    80   80  G
RESIDUE    81 A  H    81  _    81   81  H
RESIDUE    82 A  H    82  _    82   82  H
RESIDUE    83 A  E    83  _    83   83  E
RESIDUE    84 A  A    84  _    84   84  A
RESIDUE    85 A  E    85  _    85   85  E
RESIDUE    86 A  I    86  _    86   86  I
RESIDUE    87 A  K    87  _    87   87  K
RESIDUE    88 A  P    88  _    88   88  P
RESIDUE    89 A  L    89  _    89   89  L
RESIDUE    90 A  A    90  _    90   90  A
RESIDUE    91 A  Q    91  _    91   91  Q
RESIDUE    92 A  S    92  _    92   92  S
RESIDUE    93 A  H    93  _    93   93  H
RESIDUE    94 A  A    94  _    94   94  A
RESIDUE    95 A  T    95  _    95   95  T
RESIDUE    96 A  K    96  _    96   96  K
RESIDUE    97 A  H    97  _    97   97  H
RESIDUE    98 A  K    98  _    98   98  K
RESIDUE    99 A  I    99  _    99   99  I
RESIDUE   100 A  P   100  _   100  100  P
RESIDUE   101 A  V   101  _   101  101  V
RESIDUE   102 A  K   102  _   102  102  K
RESIDUE   103 A  Y   103  _   103  103  Y
RESIDUE   104 A  L   104  _   104  104  L
RESIDUE   105 A  E   105  _   105  105  E
RESIDUE   106 A  F   106  _   106  106  F
RESIDUE   107 A  I   107  _   107  107  I
RESIDUE   108 A  S   108  _   108  108  S
RESIDUE   109 A  E   109  _   109  109  E
RESIDUE   110 A  A   110  _   110  110  A
RESIDUE   111 A  I   111  _   111  111  I
RESIDUE   112 A  I   112  _   112  112  I
RESIDUE   113 A  Q   113  _   113  113  Q
RESIDUE   114 A  V   114  _   114  114  V
RESIDUE   115 A  L   115  _   115  115  L
RESIDUE   116 A  Q   116  _   116  116  Q
RESIDUE   117 A  S   117  _   117  117  S
RESIDUE   118 A  K   118  _   118  118  K
RESIDUE   119 A  H   119  _   119  119  H
RESIDUE   120 A  P   120  _   120  120  P
RESIDUE   121 A  G   121  _   121  121  G
RESIDUE   122 A  D   122  _   122  122  D
RESIDUE   123 A  F   123  _   123  123  F
RESIDUE   124 A  G   124  _   124  124  G
RESIDUE   125 A  A   125  _   125  125  A
RESIDUE   126 A  D   126  _   126  126  D
RESIDUE   127 A  A   127  _   127  127  A
RESIDUE   128 A  Q   128  _   128  128  Q
RESIDUE   129 A  G   129  _   129  129  G
RESIDUE   130 A  A   130  _   130  130  A
RESIDUE   131 A  M   131  _   131  131  M
RESIDUE   132 A  N   132  _   132  132  N
RESIDUE   133 A  K   133  _   133  133  K
RESIDUE   134 A  A   134  _   134  134  A
RESIDUE   135 A  L   135  _   135  135  L
RESIDUE   136 A  E   136  _   136  136  E
RESIDUE   137 A  L   137  _   137  137  L
RESIDUE   138 A  F   138  _   138  138  F
RESIDUE   139 A  R   139  _   139  139  R
RESIDUE   140 A  K   140  _   140  140  K
RESIDUE   141 A  D   141  _   141  141  D
RESIDUE   142 A  M   142  _   142  142  M
RESIDUE   143 A  A   143  _   143  143  A
RESIDUE   144 A  S   144  _   144  144  S
RESIDUE   145 A  N   145  _   145  145  N
RESIDUE   146 A  Y   146  _   146  146  Y
RESIDUE   147 A  K   147  _   147  147  K
RESIDUE   148 A  E   148  _   148  148  E
RESIDUE   149 A  L   149  _   149  149  L
RESIDUE   150 A  G   150  _    -     -  -
RESIDUE   151 A  F   151  _    -     -  -
RESIDUE   152 A  Q   152  _    -     -  -
RESIDUE   153 A  G   153  _    -     -  -
TER
END
